C51 COMPILER V9.60.0.0   AA                                                                10/10/2021 14:36:33 PAGE 1   


C51 COMPILER V9.60.0.0, COMPILATION OF MODULE AA
OBJECT MODULE PLACED IN .\Objects\aa.obj
COMPILER INVOKED BY: D:\keil\C51\BIN\C51.EXE aa.c OPTIMIZE(8,SPEED) BROWSE DEBUG OBJECTEXTEND PRINT(.\Listings\aa.lst) T
                    -ABS(2) OBJECT(.\Objects\aa.obj)

line level    source

   1          #include<reg52.h>
   2          
   3          sbit SEG_DLE=P2^6;
   4          sbit SEG_WLE=P2^7;
   5          
   6          char code table[]={0x3f,0x06,0x5b,0x4f,0x66,0x6d,0x7d,0x07,0x7f,0x6f,0x77,0x7c,0x39,0x5e,0x79,0x71};
   7          
   8          unsigned int k,time,a,b,c,d;    //shi jian yong quan ju bian liang
   9          
  10          void delay(unsigned int x){
  11   1        unsigned int i,j;
  12   1        for(i=x;i>0;i--)
  13   1          for(j=110;j>0;j--);
  14   1      }
  15          
  16          void init(){    //chu shi hua
  17   1        TMOD=0x01;
  18   1        TH0=0x4c;
  19   1        TL0=0x00;
  20   1        EA=1;
  21   1        ET0=1;
  22   1        TR0=1;
  23   1      }
  24          
  25          void main(){
  26   1        init();
  27   1        while(1){             //qu chu ji shi qi de shu zi
  28   2          a=time%10;
  29   2          b=time%100/10;
  30   2          c=time%1000/100;
  31   2          d=time/1000;
  32   2          if(1){           //mei dang jin wei ze kai qi xia ge shu ma guan
  33   3            SEG_DLE=1;
  34   3            P0=table[a];
  35   3            SEG_DLE=0;
  36   3            P0=0xff;
  37   3            SEG_WLE=1;
  38   3            P0=0xf7;
  39   3            SEG_WLE=0;
  40   3            delay(1);
  41   3          }
  42   2          if(b!=0){
  43   3            SEG_DLE=1;
  44   3            P0=table[b];
  45   3            SEG_DLE=0;
  46   3            P0=0xff;
  47   3            SEG_WLE=1;
  48   3            P0=0xfb;
  49   3            SEG_WLE=0;
  50   3            delay(1);
  51   3          }
  52   2          if(c!=0){
  53   3            SEG_DLE=1;
  54   3            P0=table[c];
C51 COMPILER V9.60.0.0   AA                                                                10/10/2021 14:36:33 PAGE 2   

  55   3            SEG_DLE=0;
  56   3            P0=0xff;
  57   3            SEG_WLE=1;
  58   3            P0=0xfd;
  59   3            SEG_WLE=0;
  60   3            delay(1);
  61   3          }
  62   2          if(d!=0){
  63   3            SEG_DLE=1;
  64   3            P0=table[d];
  65   3            SEG_DLE=0;
  66   3            P0=0xff;
  67   3            SEG_WLE=1;
  68   3            P0=0xfe;
  69   3            SEG_WLE=0;
  70   3            delay(1);
  71   3          }
  72   2        }
  73   1      }
  74          
  75          void time0() interrupt 1{           //ding shi qi zhong duan 
  76   1        TH0=0x4c;                         //shang wang cha de 50ms ying gai zhe me zhuang zai
  77   1        TL0=0x00;
  78   1        k++;
  79   1        if(k==20){                        // 50ms*20=1s  (xi wang jin zhen shi yi yang de)
  80   2          k=0;
  81   2          time++;
  82   2        }
  83   1      }
  84            


MODULE INFORMATION:   STATIC OVERLAYABLE
   CODE SIZE        =    326    ----
   CONSTANT SIZE    =     16    ----
   XDATA SIZE       =   ----    ----
   PDATA SIZE       =   ----    ----
   DATA SIZE        =     12    ----
   IDATA SIZE       =   ----    ----
   BIT SIZE         =   ----    ----
END OF MODULE INFORMATION.


C51 COMPILATION COMPLETE.  0 WARNING(S),  0 ERROR(S)
