BL51 BANKED LINKER/LOCATER V6.22.2.0                                                    10/10/2021  14:02:30  PAGE 1


BL51 BANKED LINKER/LOCATER V6.22.2.0, INVOKED BY:
D:\KEIL\C51\BIN\BL51.EXE .\Objects\STARTUP.obj, .\Objects\aa.obj TO .\Objects\aa PRINT (.\Listings\aa.m51) RAMSIZE (256)
>> 


MEMORY MODEL: SMALL


INPUT MODULES INCLUDED:
  .\Objects\STARTUP.obj (?C_STARTUP)
  .\Objects\aa.obj (AA)


LINK MAP OF MODULE:  .\Objects\aa (?C_STARTUP)


            TYPE    BASE      LENGTH    RELOCATION   SEGMENT NAME
            -----------------------------------------------------

            * * * * * * *   D A T A   M E M O R Y   * * * * * * *
            REG     0000H     0008H     ABSOLUTE     "REG BANK 0"
            DATA    0008H     0004H     UNIT         ?DT?AA
            IDATA   000CH     0001H     UNIT         ?STACK

            * * * * * * *   C O D E   M E M O R Y   * * * * * * *
            CODE    0000H     0003H     ABSOLUTE     
            CODE    0003H     0060H     UNIT         ?PR?MAIN?AA
            CODE    0063H     0014H     UNIT         ?PR?_DELAY?AA
            CODE    0077H     000CH     UNIT         ?C_C51STARTUP



OVERLAY MAP OF MODULE:   .\Objects\aa (?C_STARTUP)


SEGMENT
  +--> CALLED SEGMENT
---------------------
?C_C51STARTUP
  +--> ?PR?MAIN?AA

?PR?MAIN?AA
  +--> ?PR?_DELAY?AA



SYMBOL TABLE OF MODULE:  .\Objects\aa (?C_STARTUP)

  VALUE           TYPE          NAME
  ----------------------------------

  -------         MODULE        ?C_STARTUP
  C:0077H         SEGMENT       ?C_C51STARTUP
  I:000CH         SEGMENT       ?STACK
  C:0000H         PUBLIC        ?C_STARTUP
  D:00E0H         SYMBOL        ACC
  D:00F0H         SYMBOL        B
  D:0083H         SYMBOL        DPH
BL51 BANKED LINKER/LOCATER V6.22.2.0                                                  10/10/2021  14:02:30  PAGE 2


  D:0082H         SYMBOL        DPL
  N:0000H         SYMBOL        IBPSTACK
  N:0100H         SYMBOL        IBPSTACKTOP
  N:0080H         SYMBOL        IDATALEN
  C:007AH         SYMBOL        IDATALOOP
  N:0000H         SYMBOL        PBPSTACK
  N:0100H         SYMBOL        PBPSTACKTOP
  N:0000H         SYMBOL        PDATALEN
  N:0000H         SYMBOL        PDATASTART
  N:0000H         SYMBOL        PPAGE
  N:0000H         SYMBOL        PPAGEENABLE
  D:00A0H         SYMBOL        PPAGE_SFR
  D:0081H         SYMBOL        SP
  C:0077H         SYMBOL        STARTUP1
  N:0000H         SYMBOL        XBPSTACK
  N:0000H         SYMBOL        XBPSTACKTOP
  N:0000H         SYMBOL        XDATALEN
  N:0000H         SYMBOL        XDATASTART
  C:0000H         LINE#         126
  C:0077H         LINE#         133
  C:0079H         LINE#         134
  C:007AH         LINE#         135
  C:007BH         LINE#         136
  C:007DH         LINE#         185
  C:0080H         LINE#         196
  -------         ENDMOD        ?C_STARTUP

  -------         MODULE        AA
  C:0000H         SYMBOL        _ICE_DUMMY_
  D:0080H         PUBLIC        P0
  D:0090H         PUBLIC        P1
  D:00B0H         PUBLIC        P3
  D:00A8H         PUBLIC        IE
  C:006DH         PUBLIC        _delay
  D:00B8H         PUBLIC        IP
  C:0003H         PUBLIC        main
  D:0008H         PUBLIC        time
  D:0098H         PUBLIC        SCON
  D:0088H         PUBLIC        TCON
  B:0080H.4       PUBLIC        led0
  D:00C8H         PUBLIC        T2CON
  D:000AH         PUBLIC        i
  D:00D0H         PUBLIC        PSW
  -------         PROC          L?0016
  -------         ENDPROC       L?0016
  -------         PROC          _DELAY
  D:0006H         SYMBOL        a
  C:006DH         LINE#         5
  C:006DH         LINE#         6
  C:0076H         LINE#         7
  -------         ENDPROC       _DELAY
  -------         PROC          MAIN
  C:0003H         LINE#         11
  C:0003H         LINE#         12
  C:0005H         LINE#         13
  C:0010H         LINE#         14
  C:0010H         LINE#         15
BL51 BANKED LINKER/LOCATER V6.22.2.0                                                  10/10/2021  14:02:30  PAGE 3


  C:0021H         LINE#         16
  C:0023H         LINE#         17
  C:002AH         LINE#         18
  C:002CH         LINE#         19
  C:0030H         LINE#         20
  C:003AH         LINE#         21
  C:004BH         LINE#         22
  C:004DH         LINE#         23
  C:0054H         LINE#         24
  C:0056H         LINE#         25
  C:0059H         LINE#         26
  -------         ENDPROC       MAIN
  -------         ENDMOD        AA

Program Size: data=13.0 xdata=0 code=131
LINK/LOCATE RUN COMPLETE.  0 WARNING(S),  0 ERROR(S)
